// Jest Snapshot v1, https://goo.gl/fbAQLP

exports[`renders correctly 1`] = `
<header>
  <h1>
    Welcome!
  </h1>
</header>
`;
